Archive member included to satisfy reference by file (symbol)

/home/ankit/opt/gcc-arm-none-eabi-7-2018-q2-update/bin/../lib/gcc/arm-none-eabi/7.3.1/../../../../arm-none-eabi/lib/thumb/v7e-m/libg_nano.a(lib_a-exit.o)
                              /home/ankit/opt/gcc-arm-none-eabi-7-2018-q2-update/bin/../lib/gcc/arm-none-eabi/7.3.1/../../../../arm-none-eabi/lib/thumb/v7e-m/crt0.o (exit)
/home/ankit/opt/gcc-arm-none-eabi-7-2018-q2-update/bin/../lib/gcc/arm-none-eabi/7.3.1/../../../../arm-none-eabi/lib/thumb/v7e-m/libg_nano.a(lib_a-impure.o)
                              /home/ankit/opt/gcc-arm-none-eabi-7-2018-q2-update/bin/../lib/gcc/arm-none-eabi/7.3.1/../../../../arm-none-eabi/lib/thumb/v7e-m/libg_nano.a(lib_a-exit.o) (_global_impure_ptr)
/home/ankit/opt/gcc-arm-none-eabi-7-2018-q2-update/bin/../lib/gcc/arm-none-eabi/7.3.1/../../../../arm-none-eabi/lib/thumb/v7e-m/libg_nano.a(lib_a-init.o)
                              /home/ankit/opt/gcc-arm-none-eabi-7-2018-q2-update/bin/../lib/gcc/arm-none-eabi/7.3.1/../../../../arm-none-eabi/lib/thumb/v7e-m/crt0.o (__libc_init_array)
/home/ankit/opt/gcc-arm-none-eabi-7-2018-q2-update/bin/../lib/gcc/arm-none-eabi/7.3.1/../../../../arm-none-eabi/lib/thumb/v7e-m/libg_nano.a(lib_a-memset.o)
                              /home/ankit/opt/gcc-arm-none-eabi-7-2018-q2-update/bin/../lib/gcc/arm-none-eabi/7.3.1/../../../../arm-none-eabi/lib/thumb/v7e-m/crt0.o (memset)

Allocating common symbols
Common symbol       size              file

tdelay              0x4               ./src/main.o

Discarded input sections

 .text          0x0000000000000000        0x0 /home/ankit/opt/gcc-arm-none-eabi-7-2018-q2-update/bin/../lib/gcc/arm-none-eabi/7.3.1/thumb/v7e-m/crti.o
 .data          0x0000000000000000        0x0 /home/ankit/opt/gcc-arm-none-eabi-7-2018-q2-update/bin/../lib/gcc/arm-none-eabi/7.3.1/thumb/v7e-m/crti.o
 .bss           0x0000000000000000        0x0 /home/ankit/opt/gcc-arm-none-eabi-7-2018-q2-update/bin/../lib/gcc/arm-none-eabi/7.3.1/thumb/v7e-m/crti.o
 .data          0x0000000000000000        0x4 /home/ankit/opt/gcc-arm-none-eabi-7-2018-q2-update/bin/../lib/gcc/arm-none-eabi/7.3.1/thumb/v7e-m/crtbegin.o
 .text          0x0000000000000000       0x74 /home/ankit/opt/gcc-arm-none-eabi-7-2018-q2-update/bin/../lib/gcc/arm-none-eabi/7.3.1/../../../../arm-none-eabi/lib/thumb/v7e-m/crt0.o
 .data          0x0000000000000000        0x0 /home/ankit/opt/gcc-arm-none-eabi-7-2018-q2-update/bin/../lib/gcc/arm-none-eabi/7.3.1/../../../../arm-none-eabi/lib/thumb/v7e-m/crt0.o
 .bss           0x0000000000000000        0x0 /home/ankit/opt/gcc-arm-none-eabi-7-2018-q2-update/bin/../lib/gcc/arm-none-eabi/7.3.1/../../../../arm-none-eabi/lib/thumb/v7e-m/crt0.o
 .ARM.extab     0x0000000000000000        0x0 /home/ankit/opt/gcc-arm-none-eabi-7-2018-q2-update/bin/../lib/gcc/arm-none-eabi/7.3.1/../../../../arm-none-eabi/lib/thumb/v7e-m/crt0.o
 .ARM.exidx     0x0000000000000000        0x8 /home/ankit/opt/gcc-arm-none-eabi-7-2018-q2-update/bin/../lib/gcc/arm-none-eabi/7.3.1/../../../../arm-none-eabi/lib/thumb/v7e-m/crt0.o
 .ARM.attributes
                0x0000000000000000       0x1c /home/ankit/opt/gcc-arm-none-eabi-7-2018-q2-update/bin/../lib/gcc/arm-none-eabi/7.3.1/../../../../arm-none-eabi/lib/thumb/v7e-m/crt0.o
 .text          0x0000000000000000       0x14 ./sys/src/startup_stm32f303xe.o
 .data          0x0000000000000000        0x0 ./sys/src/startup_stm32f303xe.o
 .bss           0x0000000000000000        0x0 ./sys/src/startup_stm32f303xe.o
 .text          0x0000000000000000        0x0 ./sys/src/system_stm32f3xx.o
 .data          0x0000000000000000        0x0 ./sys/src/system_stm32f3xx.o
 .bss           0x0000000000000000        0x0 ./sys/src/system_stm32f3xx.o
 .text.SystemCoreClockUpdate
                0x0000000000000000       0x54 ./sys/src/system_stm32f3xx.o
 .rodata.AHBPrescTable
                0x0000000000000000       0x10 ./sys/src/system_stm32f3xx.o
 .rodata.APBPrescTable
                0x0000000000000000        0x8 ./sys/src/system_stm32f3xx.o
 .text          0x0000000000000000        0x0 ./src/delay.o
 .data          0x0000000000000000        0x0 ./src/delay.o
 .bss           0x0000000000000000        0x0 ./src/delay.o
 .text          0x0000000000000000        0x0 ./src/led.o
 .data          0x0000000000000000        0x0 ./src/led.o
 .bss           0x0000000000000000        0x0 ./src/led.o
 .text          0x0000000000000000        0x0 ./src/main.o
 .data          0x0000000000000000        0x0 ./src/main.o
 .bss           0x0000000000000000        0x0 ./src/main.o
 .text          0x0000000000000000        0x0 /home/ankit/opt/gcc-arm-none-eabi-7-2018-q2-update/bin/../lib/gcc/arm-none-eabi/7.3.1/../../../../arm-none-eabi/lib/thumb/v7e-m/libg_nano.a(lib_a-exit.o)
 .data          0x0000000000000000        0x0 /home/ankit/opt/gcc-arm-none-eabi-7-2018-q2-update/bin/../lib/gcc/arm-none-eabi/7.3.1/../../../../arm-none-eabi/lib/thumb/v7e-m/libg_nano.a(lib_a-exit.o)
 .bss           0x0000000000000000        0x0 /home/ankit/opt/gcc-arm-none-eabi-7-2018-q2-update/bin/../lib/gcc/arm-none-eabi/7.3.1/../../../../arm-none-eabi/lib/thumb/v7e-m/libg_nano.a(lib_a-exit.o)
 .text.exit     0x0000000000000000       0x28 /home/ankit/opt/gcc-arm-none-eabi-7-2018-q2-update/bin/../lib/gcc/arm-none-eabi/7.3.1/../../../../arm-none-eabi/lib/thumb/v7e-m/libg_nano.a(lib_a-exit.o)
 .debug_frame   0x0000000000000000       0x28 /home/ankit/opt/gcc-arm-none-eabi-7-2018-q2-update/bin/../lib/gcc/arm-none-eabi/7.3.1/../../../../arm-none-eabi/lib/thumb/v7e-m/libg_nano.a(lib_a-exit.o)
 .ARM.attributes
                0x0000000000000000       0x2e /home/ankit/opt/gcc-arm-none-eabi-7-2018-q2-update/bin/../lib/gcc/arm-none-eabi/7.3.1/../../../../arm-none-eabi/lib/thumb/v7e-m/libg_nano.a(lib_a-exit.o)
 .text          0x0000000000000000        0x0 /home/ankit/opt/gcc-arm-none-eabi-7-2018-q2-update/bin/../lib/gcc/arm-none-eabi/7.3.1/../../../../arm-none-eabi/lib/thumb/v7e-m/libg_nano.a(lib_a-impure.o)
 .data          0x0000000000000000        0x0 /home/ankit/opt/gcc-arm-none-eabi-7-2018-q2-update/bin/../lib/gcc/arm-none-eabi/7.3.1/../../../../arm-none-eabi/lib/thumb/v7e-m/libg_nano.a(lib_a-impure.o)
 .bss           0x0000000000000000        0x0 /home/ankit/opt/gcc-arm-none-eabi-7-2018-q2-update/bin/../lib/gcc/arm-none-eabi/7.3.1/../../../../arm-none-eabi/lib/thumb/v7e-m/libg_nano.a(lib_a-impure.o)
 .data._impure_ptr
                0x0000000000000000        0x4 /home/ankit/opt/gcc-arm-none-eabi-7-2018-q2-update/bin/../lib/gcc/arm-none-eabi/7.3.1/../../../../arm-none-eabi/lib/thumb/v7e-m/libg_nano.a(lib_a-impure.o)
 .data.impure_data
                0x0000000000000000       0x60 /home/ankit/opt/gcc-arm-none-eabi-7-2018-q2-update/bin/../lib/gcc/arm-none-eabi/7.3.1/../../../../arm-none-eabi/lib/thumb/v7e-m/libg_nano.a(lib_a-impure.o)
 .rodata._global_impure_ptr
                0x0000000000000000        0x4 /home/ankit/opt/gcc-arm-none-eabi-7-2018-q2-update/bin/../lib/gcc/arm-none-eabi/7.3.1/../../../../arm-none-eabi/lib/thumb/v7e-m/libg_nano.a(lib_a-impure.o)
 .ARM.attributes
                0x0000000000000000       0x2e /home/ankit/opt/gcc-arm-none-eabi-7-2018-q2-update/bin/../lib/gcc/arm-none-eabi/7.3.1/../../../../arm-none-eabi/lib/thumb/v7e-m/libg_nano.a(lib_a-impure.o)
 .text          0x0000000000000000        0x0 /home/ankit/opt/gcc-arm-none-eabi-7-2018-q2-update/bin/../lib/gcc/arm-none-eabi/7.3.1/../../../../arm-none-eabi/lib/thumb/v7e-m/libg_nano.a(lib_a-init.o)
 .data          0x0000000000000000        0x0 /home/ankit/opt/gcc-arm-none-eabi-7-2018-q2-update/bin/../lib/gcc/arm-none-eabi/7.3.1/../../../../arm-none-eabi/lib/thumb/v7e-m/libg_nano.a(lib_a-init.o)
 .bss           0x0000000000000000        0x0 /home/ankit/opt/gcc-arm-none-eabi-7-2018-q2-update/bin/../lib/gcc/arm-none-eabi/7.3.1/../../../../arm-none-eabi/lib/thumb/v7e-m/libg_nano.a(lib_a-init.o)
 .text          0x0000000000000000        0x0 /home/ankit/opt/gcc-arm-none-eabi-7-2018-q2-update/bin/../lib/gcc/arm-none-eabi/7.3.1/../../../../arm-none-eabi/lib/thumb/v7e-m/libg_nano.a(lib_a-memset.o)
 .data          0x0000000000000000        0x0 /home/ankit/opt/gcc-arm-none-eabi-7-2018-q2-update/bin/../lib/gcc/arm-none-eabi/7.3.1/../../../../arm-none-eabi/lib/thumb/v7e-m/libg_nano.a(lib_a-memset.o)
 .bss           0x0000000000000000        0x0 /home/ankit/opt/gcc-arm-none-eabi-7-2018-q2-update/bin/../lib/gcc/arm-none-eabi/7.3.1/../../../../arm-none-eabi/lib/thumb/v7e-m/libg_nano.a(lib_a-memset.o)
 .text.memset   0x0000000000000000       0x10 /home/ankit/opt/gcc-arm-none-eabi-7-2018-q2-update/bin/../lib/gcc/arm-none-eabi/7.3.1/../../../../arm-none-eabi/lib/thumb/v7e-m/libg_nano.a(lib_a-memset.o)
 .debug_frame   0x0000000000000000       0x20 /home/ankit/opt/gcc-arm-none-eabi-7-2018-q2-update/bin/../lib/gcc/arm-none-eabi/7.3.1/../../../../arm-none-eabi/lib/thumb/v7e-m/libg_nano.a(lib_a-memset.o)
 .ARM.attributes
                0x0000000000000000       0x2e /home/ankit/opt/gcc-arm-none-eabi-7-2018-q2-update/bin/../lib/gcc/arm-none-eabi/7.3.1/../../../../arm-none-eabi/lib/thumb/v7e-m/libg_nano.a(lib_a-memset.o)
 .text          0x0000000000000000        0x0 /home/ankit/opt/gcc-arm-none-eabi-7-2018-q2-update/bin/../lib/gcc/arm-none-eabi/7.3.1/thumb/v7e-m/crtend.o
 .data          0x0000000000000000        0x0 /home/ankit/opt/gcc-arm-none-eabi-7-2018-q2-update/bin/../lib/gcc/arm-none-eabi/7.3.1/thumb/v7e-m/crtend.o
 .bss           0x0000000000000000        0x0 /home/ankit/opt/gcc-arm-none-eabi-7-2018-q2-update/bin/../lib/gcc/arm-none-eabi/7.3.1/thumb/v7e-m/crtend.o
 .eh_frame      0x0000000000000000        0x4 /home/ankit/opt/gcc-arm-none-eabi-7-2018-q2-update/bin/../lib/gcc/arm-none-eabi/7.3.1/thumb/v7e-m/crtend.o
 .ARM.attributes
                0x0000000000000000       0x2e /home/ankit/opt/gcc-arm-none-eabi-7-2018-q2-update/bin/../lib/gcc/arm-none-eabi/7.3.1/thumb/v7e-m/crtend.o
 .text          0x0000000000000000        0x0 /home/ankit/opt/gcc-arm-none-eabi-7-2018-q2-update/bin/../lib/gcc/arm-none-eabi/7.3.1/thumb/v7e-m/crtn.o
 .data          0x0000000000000000        0x0 /home/ankit/opt/gcc-arm-none-eabi-7-2018-q2-update/bin/../lib/gcc/arm-none-eabi/7.3.1/thumb/v7e-m/crtn.o
 .bss           0x0000000000000000        0x0 /home/ankit/opt/gcc-arm-none-eabi-7-2018-q2-update/bin/../lib/gcc/arm-none-eabi/7.3.1/thumb/v7e-m/crtn.o

Memory Configuration

Name             Origin             Length             Attributes
RAM              0x0000000020000000 0x0000000000010000 xrw
CCMRAM           0x0000000010000000 0x0000000000004000 rw
FLASH            0x0000000008000000 0x0000000000080000 xr
*default*        0x0000000000000000 0xffffffffffffffff

Linker script and memory map

LOAD /home/ankit/opt/gcc-arm-none-eabi-7-2018-q2-update/bin/../lib/gcc/arm-none-eabi/7.3.1/thumb/v7e-m/crti.o
LOAD /home/ankit/opt/gcc-arm-none-eabi-7-2018-q2-update/bin/../lib/gcc/arm-none-eabi/7.3.1/thumb/v7e-m/crtbegin.o
LOAD /home/ankit/opt/gcc-arm-none-eabi-7-2018-q2-update/bin/../lib/gcc/arm-none-eabi/7.3.1/../../../../arm-none-eabi/lib/thumb/v7e-m/crt0.o
LOAD ./sys/src/startup_stm32f303xe.o
LOAD ./sys/src/system_stm32f3xx.o
LOAD ./src/delay.o
LOAD ./src/led.o
LOAD ./src/main.o
LOAD /home/ankit/opt/gcc-arm-none-eabi-7-2018-q2-update/bin/../lib/gcc/arm-none-eabi/7.3.1/../../../../arm-none-eabi/lib/thumb/v7e-m/libstdc++_nano.a
LOAD /home/ankit/opt/gcc-arm-none-eabi-7-2018-q2-update/bin/../lib/gcc/arm-none-eabi/7.3.1/../../../../arm-none-eabi/lib/thumb/v7e-m/libm.a
START GROUP
LOAD /home/ankit/opt/gcc-arm-none-eabi-7-2018-q2-update/bin/../lib/gcc/arm-none-eabi/7.3.1/thumb/v7e-m/libgcc.a
LOAD /home/ankit/opt/gcc-arm-none-eabi-7-2018-q2-update/bin/../lib/gcc/arm-none-eabi/7.3.1/../../../../arm-none-eabi/lib/thumb/v7e-m/libg_nano.a
LOAD /home/ankit/opt/gcc-arm-none-eabi-7-2018-q2-update/bin/../lib/gcc/arm-none-eabi/7.3.1/../../../../arm-none-eabi/lib/thumb/v7e-m/libc_nano.a
END GROUP
START GROUP
LOAD /home/ankit/opt/gcc-arm-none-eabi-7-2018-q2-update/bin/../lib/gcc/arm-none-eabi/7.3.1/thumb/v7e-m/libgcc.a
LOAD /home/ankit/opt/gcc-arm-none-eabi-7-2018-q2-update/bin/../lib/gcc/arm-none-eabi/7.3.1/../../../../arm-none-eabi/lib/thumb/v7e-m/libc_nano.a
END GROUP
LOAD /home/ankit/opt/gcc-arm-none-eabi-7-2018-q2-update/bin/../lib/gcc/arm-none-eabi/7.3.1/thumb/v7e-m/crtend.o
LOAD /home/ankit/opt/gcc-arm-none-eabi-7-2018-q2-update/bin/../lib/gcc/arm-none-eabi/7.3.1/thumb/v7e-m/crtn.o
                0x0000000020010000                _estack = 0x20010000
                0x0000000000000200                _Min_Heap_Size = 0x200
                0x0000000000000400                _Min_Stack_Size = 0x400

.isr_vector     0x0000000008000000      0x194
                0x0000000008000000                . = ALIGN (0x4)
 *(.isr_vector)
 .isr_vector    0x0000000008000000      0x194 ./sys/src/startup_stm32f303xe.o
                0x0000000008000000                g_pfnVectors
                0x0000000008000194                . = ALIGN (0x4)

.text           0x0000000008000194      0x204
                0x0000000008000194                . = ALIGN (0x4)
 *(.text)
 .text          0x0000000008000194       0x40 /home/ankit/opt/gcc-arm-none-eabi-7-2018-q2-update/bin/../lib/gcc/arm-none-eabi/7.3.1/thumb/v7e-m/crtbegin.o
 *(.text*)
 .text.Reset_Handler
                0x00000000080001d4       0x50 ./sys/src/startup_stm32f303xe.o
                0x00000000080001d4                Reset_Handler
 .text.Default_Handler
                0x0000000008000224        0x2 ./sys/src/startup_stm32f303xe.o
                0x0000000008000224                RTC_Alarm_IRQHandler
                0x0000000008000224                TIM8_TRG_COM_IRQHandler
                0x0000000008000224                TIM8_CC_IRQHandler
                0x0000000008000224                DebugMon_Handler
                0x0000000008000224                SPI4_IRQHandler
                0x0000000008000224                TIM1_CC_IRQHandler
                0x0000000008000224                HardFault_Handler
                0x0000000008000224                USB_HP_IRQHandler
                0x0000000008000224                PVD_IRQHandler
                0x0000000008000224                TAMP_STAMP_IRQHandler
                0x0000000008000224                PendSV_Handler
                0x0000000008000224                NMI_Handler
                0x0000000008000224                EXTI3_IRQHandler
                0x0000000008000224                I2C3_ER_IRQHandler
                0x0000000008000224                USB_HP_CAN_TX_IRQHandler
                0x0000000008000224                EXTI0_IRQHandler
                0x0000000008000224                I2C2_EV_IRQHandler
                0x0000000008000224                FPU_IRQHandler
                0x0000000008000224                TIM1_UP_TIM16_IRQHandler
                0x0000000008000224                UsageFault_Handler
                0x0000000008000224                ADC1_2_IRQHandler
                0x0000000008000224                SPI1_IRQHandler
                0x0000000008000224                CAN_SCE_IRQHandler
                0x0000000008000224                TIM6_DAC_IRQHandler
                0x0000000008000224                TIM8_UP_IRQHandler
                0x0000000008000224                DMA2_Channel2_IRQHandler
                0x0000000008000224                DMA1_Channel4_IRQHandler
                0x0000000008000224                TIM20_TRG_COM_IRQHandler
                0x0000000008000224                USART3_IRQHandler
                0x0000000008000224                DMA1_Channel7_IRQHandler
                0x0000000008000224                UART5_IRQHandler
                0x0000000008000224                ADC3_IRQHandler
                0x0000000008000224                TIM4_IRQHandler
                0x0000000008000224                CAN_RX1_IRQHandler
                0x0000000008000224                DMA2_Channel1_IRQHandler
                0x0000000008000224                I2C1_EV_IRQHandler
                0x0000000008000224                DMA1_Channel6_IRQHandler
                0x0000000008000224                UART4_IRQHandler
                0x0000000008000224                DMA2_Channel4_IRQHandler
                0x0000000008000224                TIM3_IRQHandler
                0x0000000008000224                RCC_IRQHandler
                0x0000000008000224                TIM20_UP_IRQHandler
                0x0000000008000224                DMA1_Channel1_IRQHandler
                0x0000000008000224                Default_Handler
                0x0000000008000224                USBWakeUp_RMP_IRQHandler
                0x0000000008000224                EXTI15_10_IRQHandler
                0x0000000008000224                TIM7_IRQHandler
                0x0000000008000224                I2C3_EV_IRQHandler
                0x0000000008000224                EXTI9_5_IRQHandler
                0x0000000008000224                RTC_WKUP_IRQHandler
                0x0000000008000224                SPI2_IRQHandler
                0x0000000008000224                USB_LP_CAN_RX0_IRQHandler
                0x0000000008000224                MemManage_Handler
                0x0000000008000224                SVC_Handler
                0x0000000008000224                DMA2_Channel5_IRQHandler
                0x0000000008000224                DMA1_Channel5_IRQHandler
                0x0000000008000224                USB_LP_IRQHandler
                0x0000000008000224                EXTI4_IRQHandler
                0x0000000008000224                TIM1_TRG_COM_TIM17_IRQHandler
                0x0000000008000224                DMA1_Channel3_IRQHandler
                0x0000000008000224                ADC4_IRQHandler
                0x0000000008000224                WWDG_IRQHandler
                0x0000000008000224                TIM2_IRQHandler
                0x0000000008000224                COMP7_IRQHandler
                0x0000000008000224                COMP1_2_3_IRQHandler
                0x0000000008000224                EXTI1_IRQHandler
                0x0000000008000224                USART2_IRQHandler
                0x0000000008000224                COMP4_5_6_IRQHandler
                0x0000000008000224                TIM20_BRK_IRQHandler
                0x0000000008000224                I2C2_ER_IRQHandler
                0x0000000008000224                DMA1_Channel2_IRQHandler
                0x0000000008000224                TIM8_BRK_IRQHandler
                0x0000000008000224                FLASH_IRQHandler
                0x0000000008000224                TIM20_CC_IRQHandler
                0x0000000008000224                BusFault_Handler
                0x0000000008000224                USART1_IRQHandler
                0x0000000008000224                SPI3_IRQHandler
                0x0000000008000224                I2C1_ER_IRQHandler
                0x0000000008000224                FMC_IRQHandler
                0x0000000008000224                USBWakeUp_IRQHandler
                0x0000000008000224                DMA2_Channel3_IRQHandler
                0x0000000008000224                EXTI2_TSC_IRQHandler
                0x0000000008000224                TIM1_BRK_TIM15_IRQHandler
 *fill*         0x0000000008000226        0x2 
 .text.SystemInit
                0x0000000008000228       0x5c ./sys/src/system_stm32f3xx.o
                0x0000000008000228                SystemInit
 .text.delay    0x0000000008000284       0x18 ./src/delay.o
                0x0000000008000284                delay
 .text.SysTick_Handler
                0x000000000800029c       0x14 ./src/delay.o
                0x000000000800029c                SysTick_Handler
 .text.LED_Init
                0x00000000080002b0       0x1c ./src/led.o
                0x00000000080002b0                LED_Init
 .text.blink    0x00000000080002cc       0x2a ./src/led.o
                0x00000000080002cc                blink
 *fill*         0x00000000080002f6        0x2 
 .text.startup.main
                0x00000000080002f8       0x40 ./src/main.o
                0x00000000080002f8                main
 .text.__libc_init_array
                0x0000000008000338       0x48 /home/ankit/opt/gcc-arm-none-eabi-7-2018-q2-update/bin/../lib/gcc/arm-none-eabi/7.3.1/../../../../arm-none-eabi/lib/thumb/v7e-m/libg_nano.a(lib_a-init.o)
                0x0000000008000338                __libc_init_array
 *(.glue_7)
 .glue_7        0x0000000008000380        0x0 linker stubs
 *(.glue_7t)
 .glue_7t       0x0000000008000380        0x0 linker stubs
 *(.eh_frame)
 .eh_frame      0x0000000008000380        0x0 /home/ankit/opt/gcc-arm-none-eabi-7-2018-q2-update/bin/../lib/gcc/arm-none-eabi/7.3.1/thumb/v7e-m/crtbegin.o
 *(.init)
 .init          0x0000000008000380        0x4 /home/ankit/opt/gcc-arm-none-eabi-7-2018-q2-update/bin/../lib/gcc/arm-none-eabi/7.3.1/thumb/v7e-m/crti.o
                0x0000000008000380                _init
 .init          0x0000000008000384        0x8 /home/ankit/opt/gcc-arm-none-eabi-7-2018-q2-update/bin/../lib/gcc/arm-none-eabi/7.3.1/thumb/v7e-m/crtn.o
 *(.fini)
 .fini          0x000000000800038c        0x4 /home/ankit/opt/gcc-arm-none-eabi-7-2018-q2-update/bin/../lib/gcc/arm-none-eabi/7.3.1/thumb/v7e-m/crti.o
                0x000000000800038c                _fini
 .fini          0x0000000008000390        0x8 /home/ankit/opt/gcc-arm-none-eabi-7-2018-q2-update/bin/../lib/gcc/arm-none-eabi/7.3.1/thumb/v7e-m/crtn.o
                0x0000000008000398                . = ALIGN (0x4)
                0x0000000008000398                _etext = .

.vfp11_veneer   0x0000000008000398        0x0
 .vfp11_veneer  0x0000000008000398        0x0 linker stubs

.v4_bx          0x0000000008000398        0x0
 .v4_bx         0x0000000008000398        0x0 linker stubs

.iplt           0x0000000008000398        0x0
 .iplt          0x0000000008000398        0x0 /home/ankit/opt/gcc-arm-none-eabi-7-2018-q2-update/bin/../lib/gcc/arm-none-eabi/7.3.1/thumb/v7e-m/crtbegin.o

.rel.dyn        0x0000000008000398        0x0
 .rel.iplt      0x0000000008000398        0x0 /home/ankit/opt/gcc-arm-none-eabi-7-2018-q2-update/bin/../lib/gcc/arm-none-eabi/7.3.1/thumb/v7e-m/crtbegin.o

.rodata         0x0000000008000398        0x0
                0x0000000008000398                . = ALIGN (0x4)
 *(.rodata)
 *(.rodata*)
                0x0000000008000398                . = ALIGN (0x4)

.ARM.extab
 *(.ARM.extab* .gnu.linkonce.armextab.*)

.ARM            0x0000000008000398        0x0
                0x0000000008000398                __exidx_start = .
 *(.ARM.exidx*)
                0x0000000008000398                __exidx_end = .

.preinit_array  0x0000000008000398        0x0
                0x0000000008000398                PROVIDE (__preinit_array_start = .)
 *(.preinit_array*)
                0x0000000008000398                PROVIDE (__preinit_array_end = .)

.init_array     0x0000000008000398        0x4
                0x0000000008000398                PROVIDE (__init_array_start = .)
 *(SORT_BY_NAME(.init_array.*))
 *(.init_array*)
 .init_array    0x0000000008000398        0x4 /home/ankit/opt/gcc-arm-none-eabi-7-2018-q2-update/bin/../lib/gcc/arm-none-eabi/7.3.1/thumb/v7e-m/crtbegin.o
                0x000000000800039c                PROVIDE (__init_array_end = .)

.fini_array     0x000000000800039c        0x4
                [!provide]                        PROVIDE (__fini_array_start = .)
 *(SORT_BY_NAME(.fini_array.*))
 *(.fini_array*)
 .fini_array    0x000000000800039c        0x4 /home/ankit/opt/gcc-arm-none-eabi-7-2018-q2-update/bin/../lib/gcc/arm-none-eabi/7.3.1/thumb/v7e-m/crtbegin.o
                [!provide]                        PROVIDE (__fini_array_end = .)
                0x00000000080003a0                _sidata = LOADADDR (.data)

.data           0x0000000020000000        0x4 load address 0x00000000080003a0
                0x0000000020000000                . = ALIGN (0x4)
                0x0000000020000000                _sdata = .
 *(.data)
 *(.data*)
 .data.SystemCoreClock
                0x0000000020000000        0x4 ./sys/src/system_stm32f3xx.o
                0x0000000020000000                SystemCoreClock
                0x0000000020000004                . = ALIGN (0x4)
                0x0000000020000004                _edata = .
                0x00000000080003a4                _siccmram = LOADADDR (.ccmram)

.igot.plt       0x0000000020000004        0x0 load address 0x00000000080003a4
 .igot.plt      0x0000000020000004        0x0 /home/ankit/opt/gcc-arm-none-eabi-7-2018-q2-update/bin/../lib/gcc/arm-none-eabi/7.3.1/thumb/v7e-m/crtbegin.o

.ccmram         0x0000000010000000        0x0 load address 0x00000000080003a4
                0x0000000010000000                . = ALIGN (0x4)
                0x0000000010000000                _sccmram = .
 *(.ccmram)
 *(.ccmram*)
                0x0000000010000000                . = ALIGN (0x4)
                0x0000000010000000                _eccmram = .
                0x0000000010000000                . = ALIGN (0x4)

.bss            0x0000000020000004       0x20
                0x0000000020000004                _sbss = .
                0x0000000020000004                __bss_start__ = _sbss
 *(.bss)
 .bss           0x0000000020000004       0x1c /home/ankit/opt/gcc-arm-none-eabi-7-2018-q2-update/bin/../lib/gcc/arm-none-eabi/7.3.1/thumb/v7e-m/crtbegin.o
 *(.bss*)
 *(COMMON)
 COMMON         0x0000000020000020        0x4 ./src/main.o
                0x0000000020000020                tdelay
                0x0000000020000024                . = ALIGN (0x4)
                0x0000000020000024                _ebss = .
                0x0000000020000024                __bss_end__ = _ebss

._user_heap_stack
                0x0000000020000024      0x604
                0x0000000020000028                . = ALIGN (0x8)
 *fill*         0x0000000020000024        0x4 
                [!provide]                        PROVIDE (end = .)
                [!provide]                        PROVIDE (_end = .)
                0x0000000020000228                . = (. + _Min_Heap_Size)
 *fill*         0x0000000020000028      0x200 
                0x0000000020000628                . = (. + _Min_Stack_Size)
 *fill*         0x0000000020000228      0x400 
                0x0000000020000628                . = ALIGN (0x8)

/DISCARD/
 libc.a(*)
 libm.a(*)
 libgcc.a(*)

.ARM.attributes
                0x0000000000000000       0x2a
 *(.ARM.attributes)
 .ARM.attributes
                0x0000000000000000       0x1e /home/ankit/opt/gcc-arm-none-eabi-7-2018-q2-update/bin/../lib/gcc/arm-none-eabi/7.3.1/thumb/v7e-m/crti.o
 .ARM.attributes
                0x000000000000001e       0x2e /home/ankit/opt/gcc-arm-none-eabi-7-2018-q2-update/bin/../lib/gcc/arm-none-eabi/7.3.1/thumb/v7e-m/crtbegin.o
 .ARM.attributes
                0x000000000000004c       0x21 ./sys/src/startup_stm32f303xe.o
 .ARM.attributes
                0x000000000000006d       0x33 ./sys/src/system_stm32f3xx.o
 .ARM.attributes
                0x00000000000000a0       0x33 ./src/delay.o
 .ARM.attributes
                0x00000000000000d3       0x33 ./src/led.o
 .ARM.attributes
                0x0000000000000106       0x33 ./src/main.o
 .ARM.attributes
                0x0000000000000139       0x2e /home/ankit/opt/gcc-arm-none-eabi-7-2018-q2-update/bin/../lib/gcc/arm-none-eabi/7.3.1/../../../../arm-none-eabi/lib/thumb/v7e-m/libg_nano.a(lib_a-init.o)
 .ARM.attributes
                0x0000000000000167       0x1e /home/ankit/opt/gcc-arm-none-eabi-7-2018-q2-update/bin/../lib/gcc/arm-none-eabi/7.3.1/thumb/v7e-m/crtn.o
OUTPUT(minimal_toggle_LED.elf elf32-littlearm)

.debug_line     0x0000000000000000      0x589
 .debug_line    0x0000000000000000       0x7f ./sys/src/startup_stm32f303xe.o
 .debug_line    0x000000000000007f      0x156 ./sys/src/system_stm32f3xx.o
 .debug_line    0x00000000000001d5      0x11d ./src/delay.o
 .debug_line    0x00000000000002f2      0x12b ./src/led.o
 .debug_line    0x000000000000041d      0x16c ./src/main.o

.debug_info     0x0000000000000000      0xecb
 .debug_info    0x0000000000000000       0x22 ./sys/src/startup_stm32f303xe.o
 .debug_info    0x0000000000000022      0x3df ./sys/src/system_stm32f3xx.o
 .debug_info    0x0000000000000401      0x12e ./src/delay.o
 .debug_info    0x000000000000052f      0x2b6 ./src/led.o
 .debug_info    0x00000000000007e5      0x6e6 ./src/main.o

.debug_abbrev   0x0000000000000000      0x49e
 .debug_abbrev  0x0000000000000000       0x12 ./sys/src/startup_stm32f303xe.o
 .debug_abbrev  0x0000000000000012      0x10e ./sys/src/system_stm32f3xx.o
 .debug_abbrev  0x0000000000000120       0xb8 ./src/delay.o
 .debug_abbrev  0x00000000000001d8      0x11b ./src/led.o
 .debug_abbrev  0x00000000000002f3      0x1ab ./src/main.o

.debug_aranges  0x0000000000000000       0xc0
 .debug_aranges
                0x0000000000000000       0x28 ./sys/src/startup_stm32f303xe.o
 .debug_aranges
                0x0000000000000028       0x28 ./sys/src/system_stm32f3xx.o
 .debug_aranges
                0x0000000000000050       0x28 ./src/delay.o
 .debug_aranges
                0x0000000000000078       0x28 ./src/led.o
 .debug_aranges
                0x00000000000000a0       0x20 ./src/main.o

.debug_str      0x0000000000000000      0x8b0
 .debug_str     0x0000000000000000       0x68 ./sys/src/startup_stm32f303xe.o
 .debug_str     0x0000000000000068      0x270 ./sys/src/system_stm32f3xx.o
                                        0x2e5 (size before relaxing)
 .debug_str     0x00000000000002d8       0x2b ./src/delay.o
                                        0x207 (size before relaxing)
 .debug_str     0x0000000000000303       0x4e ./src/led.o
                                        0x27d (size before relaxing)
 .debug_str     0x0000000000000351      0x55f ./src/main.o
                                        0x7ae (size before relaxing)

.debug_ranges   0x0000000000000000       0x78
 .debug_ranges  0x0000000000000000       0x20 ./sys/src/startup_stm32f303xe.o
 .debug_ranges  0x0000000000000020       0x18 ./sys/src/system_stm32f3xx.o
 .debug_ranges  0x0000000000000038       0x18 ./src/delay.o
 .debug_ranges  0x0000000000000050       0x18 ./src/led.o
 .debug_ranges  0x0000000000000068       0x10 ./src/main.o

.debug_loc      0x0000000000000000      0x159
 .debug_loc     0x0000000000000000       0xf5 ./sys/src/system_stm32f3xx.o
 .debug_loc     0x00000000000000f5       0x64 ./src/main.o

.comment        0x0000000000000000       0x7f
 .comment       0x0000000000000000       0x7f ./sys/src/system_stm32f3xx.o
                                         0x80 (size before relaxing)
 .comment       0x000000000000007f       0x80 ./src/delay.o
 .comment       0x000000000000007f       0x80 ./src/led.o
 .comment       0x000000000000007f       0x80 ./src/main.o

.debug_frame    0x0000000000000000      0x100
 .debug_frame   0x0000000000000000       0x38 ./sys/src/system_stm32f3xx.o
 .debug_frame   0x0000000000000038       0x38 ./src/delay.o
 .debug_frame   0x0000000000000070       0x3c ./src/led.o
 .debug_frame   0x00000000000000ac       0x28 ./src/main.o
 .debug_frame   0x00000000000000d4       0x2c /home/ankit/opt/gcc-arm-none-eabi-7-2018-q2-update/bin/../lib/gcc/arm-none-eabi/7.3.1/../../../../arm-none-eabi/lib/thumb/v7e-m/libg_nano.a(lib_a-init.o)
